enhancers tests/test_output/generic/K562_chr22_tagAlign/Neighborhoods/EnhancerList.txt
genes tests/test_output/generic/K562_chr22_tagAlign/Neighborhoods/GeneList.txt
score_column ABC.Score
accessibility_feature ATAC
outdir tests/test_output/generic/K562_chr22_tagAlign/Predictions
cellType K562_chr22_tagAlign
chrom_sizes reference/hg38/GRCh38_EBV.no_alt.chrom.sizes.tsv
hic_file https://www.encodeproject.org/files/ENCFF621AIY/@@download/ENCFF621AIY.hic
hic_resolution 5000
hic_pseudocount_distance 1000000.0
hic_type hic
hic_is_doubly_stochastic False
scale_hic_using_powerlaw True
hic_gamma 1.024238616787792
hic_scale 5.9594510043736655
hic_gamma_reference 0.87
expression_cutoff 1
promoter_activity_quantile_cutoff 0.3
make_all_putative False
use_hdf5 False
window 5000000
tss_hic_contribution 100
tss_slop 500
chromosomes all
include_chrY False
