chr	TargetGene	TargetGeneTSS	geneIsExpressed	geneFailed	nEnhancersConsidered	nDistalEnhancersPredicted
chr22	A4GALT	42720910	True	False	4	3
chr22	ACO2	41469124	True	False	2	1
chr22	ADA2	17219585	True	False	5	3
chr22	ADM2	50481723	True	False	2	1
chr22	ADORA2A	24427561	True	False	4	3
chr22	ADORA2A-AS1	24495074	False	False	3	2
chr22	ADSL	40346499	True	False	2	1
chr22	AIFM3	20965129	True	False	5	4
chr22	ANKRD62P1-PARP4P3	16675540	True	False	5	4
chr22	AP1B1	29388583	True	False	3	2
chr22	APOBEC3A	38957521	False	False	2	1
chr22	APOBEC3B	38982398	True	False	3	2
chr22	APOBEC3B-AS1	38998220	False	False	2	1
chr22	APOBEC3C	39014259	True	False	2	1
chr22	APOBEC3D	39021112	True	False	4	3
chr22	APOBEC3G	39077004	True	False	2	1
chr22	APOL1	36253070	True	False	3	2
chr22	APOL3	36160929	False	False	3	1
chr22	APOL4	36204833	True	False	4	3
chr22	ARFGAP3	42857402	True	False	2	1
chr22	ARHGAP8	44752557	False	False	4	3
chr22	ARSA	50628173	True	False	2	1
chr22	ARVCF	20016786	True	False	4	3
chr22	ASCC2	29838304	True	False	3	2
chr22	ASPHD2	26429313	True	False	3	2
chr22	ATF4	39520558	True	False	3	1
chr22	ATP5L2	42640601	True	False	4	3
chr22	ATP6V1E1	17628822	True	False	3	2
chr22	ATXN10	45671797	True	False	3	1
chr22	BAIAP2L2	38110669	True	False	3	2
chr22	BCL2L13	17638583	True	False	3	2
chr22	BCR	23180364	True	False	8	7
chr22	BCRP2	21103015	True	False	2	1
chr22	BCRP3	24632914	False	False	3	1
chr22	BID	17774495	True	False	4	2
chr22	BIK	43110747	False	False	3	2
chr22	BPIFC	32457386	False	False	2	1
chr22	BRD1	49827548	True	False	3	2
chr22	C1QTNF6	37188290	False	False	6	5
chr22	C22orf15	23763020	True	False	2	1
chr22	C22orf23	37953647	True	False	2	1
chr22	C22orf24	31945362	True	False	4	3
chr22	C22orf29	19854848	True	False	3	2
chr22	C22orf31	29061919	False	False	2	1
chr22	C22orf39	19448232	True	False	3	2
chr22	C22orf46	41690542	False	False	2	1
chr22	CABP7	29720354	False	False	3	1
chr22	CACNA1I	39570752	False	False	2	1
chr22	CACNG2	36702645	False	False	2	1
chr22	CARD10	37519203	True	False	3	2
chr22	CASTOR1	30289627	True	False	4	3
chr22	CBX6	38872334	True	False	4	3
chr22	CBX7	39152650	True	False	3	2
chr22	CCDC116	21632796	True	False	2	1
chr22	CCDC134	41800621	True	False	4	1
chr22	CCDC188	20149908	False	False	5	4
chr22	CCT8L2	16592810	True	False	4	3
chr22	CDC42EP1	37560463	True	False	6	4
chr22	CDPF1	46250296	True	False	3	2
chr22	CECR2	17359948	True	False	2	1
chr22	CECR3	17266733	False	False	3	1
chr22	CECR6	17121323	False	False	4	3
chr22	CECR7	17036569	False	False	5	3
chr22	CELSR1	46537170	False	False	3	1
chr22	CERK	46738255	True	False	4	1
chr22	CHADL	41240931	False	False	3	2
chr22	CHCHD10	23767972	True	False	3	2
chr22	CLDN5	19525337	True	False	5	2
chr22	CLTCL1	19291716	True	False	2	1
chr22	COMT	19941739	True	False	3	2
chr22	CRYBA4	26621963	True	False	5	4
chr22	CRYBB1	26618027	True	False	4	2
chr22	CRYBB2	25219644	False	False	2	1
chr22	CRYBB3	25199849	False	False	3	2
chr22	CSDC2	41561009	True	False	3	2
chr22	CSF2RB	36913632	True	False	3	1
chr22	CYB5R3	42646989	True	False	4	3
chr22	CYP2D6	42130881	False	False	3	2
chr22	CYTH4	37282382	False	False	3	1
chr22	DDTL	23966837	False	False	4	3
chr22	DDX17	38506340	True	False	4	3
chr22	DENND6B	50327060	True	False	4	3
chr22	DEPDC5	31754022	True	False	2	1
chr22	DGCR10	19022623	True	False	2	1
chr22	DGCR11	19048375	True	False	4	3
chr22	DGCR2	19122454	True	False	3	1
chr22	DGCR5	18970497	True	False	4	3
chr22	DGCR8	20080231	True	False	5	4
chr22	DGCR9	19017833	True	False	2	1
chr22	DNAL4	38794156	True	False	3	2
chr22	DRICH1	23632321	True	False	2	1
chr22	DUSP18	30667890	True	False	2	1
chr22	EFCAB6	43812337	True	False	2	1
chr22	ELFN2	37427470	False	False	2	1
chr22	EMID1	29205911	True	False	3	2
chr22	ENTHD1	39893790	False	False	4	3
chr22	EP300	41092609	True	False	2	1
chr22	EWSR1	29268008	True	False	2	1
chr22	FAM118A	45309903	True	False	3	2
chr22	FAM19A5	48576305	False	False	3	2
chr22	FAM83F	39994948	True	False	4	2
chr22	FBXO7	32475236	True	False	4	2
chr22	FBXW4P1	23262766	True	False	6	5
chr22	FOXRED2	36507043	True	False	3	2
chr22	GAB4	17008222	True	False	3	2
chr22	GAL3ST1	30564914	True	False	2	1
chr22	GALR3	37823381	False	False	4	3
chr22	GAS2L1	29306994	True	False	3	2
chr22	GCAT	37807904	True	False	2	1
chr22	GGA1	37608473	True	False	4	3
chr22	GGT1	24603156	False	False	3	2
chr22	GNAZ	23070353	True	False	2	1
chr22	GNB1L	19854939	True	False	3	2
chr22	GP1BB	19723542	True	False	5	3
chr22	GRAMD4	46620401	True	False	4	3
chr22	GRAP2	39926590	True	False	5	4
chr22	GSC2	19150283	False	False	2	1
chr22	GTPBP1	38705801	True	False	2	1
chr22	GUSBP11	23717423	True	False	2	1
chr22	H1F0	37805106	False	False	2	1
chr22	HDAC10	50251405	True	False	4	2
chr22	HDHD5	17165287	True	False	2	1
chr22	HDHD5-AS1	17159388	True	False	3	2
chr22	HIRA	19431696	True	False	6	4
chr22	HMOX1	35381066	False	False	5	4
chr22	HPS4	26483863	True	False	6	4
chr22	HSFY1P1	16827473	False	False	4	3
chr22	IGLL5	22887779	True	False	4	3
chr22	IL17RA	17084958	True	False	2	1
chr22	IL17REL	50012626	False	False	2	1
chr22	IL2RB	37149990	False	False	4	3
chr22	INPP5J	31122922	False	False	3	2
chr22	ISX	35066135	True	False	3	2
chr22	ISX-AS1	34997916	False	False	2	1
chr22	JOSD1	38700454	True	False	5	3
chr22	KDELR3	38468061	True	False	4	2
chr22	KIAA1644	44312851	False	False	2	1
chr22	KLHDC7B	50548032	False	False	5	3
chr22	KLHL22	20495883	True	False	3	2
chr22	KREMEN1	29073077	True	False	3	2
chr22	LGALS1	37675605	True	False	3	2
chr22	LGALS2	37580017	False	False	2	1
chr22	LINC00528	17777289	True	False	4	3
chr22	LINC00634	41952186	True	False	2	1
chr22	LINC00895	19566839	True	False	2	1
chr22	LINC00896	20206331	True	False	5	3
chr22	LINC00899	46044868	False	False	2	1
chr22	LINC01311	19171705	True	False	2	1
chr22	LINC01589	45605647	False	False	5	4
chr22	LINC01634	18029384	True	False	4	3
chr22	LINC01637	20957091	False	False	5	3
chr22	LINC01644	47487111	False	False	2	1
chr22	LINC01656	44443326	False	False	2	1
chr22	LINC01658	23486980	False	False	2	1
chr22	LINC01659	23433563	True	False	4	3
chr22	LINC01664	17121594	True	False	4	3
chr22	LINC01665	16748438	False	False	4	3
chr22	LL22NC01-81G9.3	36965247	False	False	3	1
chr22	LL22NC03-63E9.3	22559342	True	False	5	4
chr22	LMF2	50507706	True	False	2	1
chr22	LRRC74B	21045959	True	False	4	3
chr22	LRRC75B	24593068	True	False	2	1
chr22	LZTR1	20982268	True	False	2	1
chr22	MAFF	38201931	True	False	3	1
chr22	MAPK1	21867680	True	False	3	2
chr22	MAPK11	50270393	True	False	3	2
chr22	MAPK12	50261810	True	False	4	2
chr22	MB	35617337	False	False	3	1
chr22	MCAT	43143397	True	False	2	1
chr22	MCHR1	40679177	False	False	3	2
chr22	MED15	20507541	True	False	3	2
chr22	MEI1	41699513	False	False	2	1
chr22	MGAT3	39457319	True	False	8	7
chr22	MGAT3-AS1	39476822	True	False	6	5
chr22	MIAT	26657481	True	False	4	3
chr22	MICAL3	17906886	True	False	7	6
chr22	MICALL1	37906147	True	False	4	2
chr22	MIEF1	39502229	True	False	6	5
chr22	MIF	23894377	True	False	4	2
chr22	MIF-AS1	23898930	True	False	3	2
chr22	MIOX	50486783	False	False	2	1
chr22	MIRLET7BHG	46085996	True	False	4	3
chr22	MKL1	40636719	True	False	4	3
chr22	MLC1	50085929	True	False	3	1
chr22	MMP11	23772818	True	False	3	2
chr22	MORC2	30968287	True	False	2	1
chr22	MOV10L1	50090005	True	False	2	1
chr22	MPPED1	43412013	False	False	4	2
chr22	MPST	37019641	True	False	5	2
chr22	MRPL40	19431901	True	False	5	4
chr22	MTFP1	30425622	True	False	4	3
chr22	MYH9	36388067	True	False	3	2
chr22	MYO18B	25742143	True	False	2	1
chr22	NCAPH2	50508215	True	False	2	1
chr22	NCF4	36860987	False	False	2	1
chr22	NEFH	29480191	True	False	4	3
chr22	NFAM1	42432395	True	False	3	2
chr22	NOL12	37686336	True	False	3	2
chr22	NPTXR	38844012	True	False	4	2
chr22	NUP50	45163844	True	False	3	2
chr22	NUP50-AS1	45163781	True	False	3	2
chr22	ODF3B	50532579	False	False	5	3
chr22	OGFRP1	42269752	True	False	5	3
chr22	OSBP2	30694805	True	False	3	2
chr22	OSM	30266843	False	False	4	2
chr22	P2RX6	21015174	True	False	3	2
chr22	P2RX6P	21044249	True	False	3	2
chr22	PACSIN2	42947041	True	False	5	4
chr22	PARVB	44024276	True	False	5	4
chr22	PDGFB	39245055	False	False	6	4
chr22	PDXP	37658729	True	False	2	1
chr22	PES1	30591940	True	False	2	1
chr22	PEX26	18077919	True	False	2	1
chr22	PHF21B	45008993	True	False	3	1
chr22	PHF5A	41468704	True	False	2	1
chr22	PI4KA	20858812	True	False	5	4
chr22	PIK3IP1	31292534	True	False	4	3
chr22	PIK3IP1-AS1	31335348	False	False	6	4
chr22	PIM3	49960494	True	False	5	4
chr22	PITPNB	27919306	True	False	4	2
chr22	PIWIL3	24774720	False	False	2	1
chr22	PKDREJ	46263322	False	False	2	1
chr22	PLA2G3	31140607	False	False	2	1
chr22	PLA2G6	38181754	True	False	2	1
chr22	PLXNB2	50307572	True	False	6	5
chr22	PNPLA5	43892013	False	False	2	1
chr22	POLR2F	37953662	True	False	2	1
chr22	POLR3H	41544489	True	False	3	1
chr22	POM121L1P	22644541	False	False	2	1
chr22	POM121L4P	20689554	False	False	3	2
chr22	POM121L9P	24251620	False	False	2	1
chr22	PPIL2	21665983	True	False	6	5
chr22	PPM1F	21952878	True	False	6	4
chr22	PPP6R2	50343316	True	False	3	2
chr22	PRAME	22559361	True	False	5	4
chr22	PRAMENP	22043934	True	False	5	3
chr22	PRR14L	31750134	True	False	2	1
chr22	PRR34	46054144	False	False	2	1
chr22	PRR34-AS1	46053845	False	False	2	1
chr22	PRR5	44676807	True	False	3	2
chr22	PVALB	36819473	False	False	3	1
chr22	RAB36	23145325	True	False	2	1
chr22	RABL2B	50783659	True	False	5	4
chr22	RAC2	37244299	True	False	3	2
chr22	RANBP1	20117423	True	False	2	1
chr22	RASD2	35541304	False	False	3	1
chr22	RASL10A	29315756	True	False	3	2
chr22	RFPL1	29438582	False	False	4	2
chr22	RFPL3	32354884	False	False	2	1
chr22	RGL4	23690860	True	False	3	1
chr22	RHBDD3	29267995	True	False	2	1
chr22	RIBC2	45413690	False	False	2	1
chr22	RNF215	30387313	True	False	3	2
chr22	RPL23AP82	50757085	False	False	2	1
chr22	RPL3	39319665	True	False	3	2
chr22	RPS19BP1	39532855	True	False	2	1
chr22	RRP7BP	42582011	True	False	2	1
chr22	RSPH14	23142054	True	False	2	1
chr22	RTCB	32412287	True	False	3	2
chr22	SAMM50	43955380	True	False	3	2
chr22	SBF1	50475071	True	False	2	1
chr22	SCARF2	20437859	False	False	3	2
chr22	SCO2	50525605	True	False	3	2
chr22	SCUBE1	43343388	False	False	2	1
chr22	SDC4P	30481756	True	False	2	1
chr22	SDF2L1	21642252	True	False	5	4
chr22	SEC14L2	30396940	True	False	6	5
chr22	SEC14L3	30472047	False	False	2	1
chr22	SEC14L4	30505711	True	False	2	1
chr22	SEC14L6	30546682	False	False	4	3
chr22	SELENOO	50200978	True	False	4	3
chr22	SEPT5	19714463	True	False	4	3
chr22	SEPT5-GP1BB	19717219	True	False	4	3
chr22	SERHL2	42553861	True	False	3	2
chr22	SERPIND1	20774094	True	False	4	3
chr22	SEZ6L	26169473	False	False	3	2
chr22	SFI1	31496138	True	False	2	1
chr22	SGSM1	24806220	True	False	3	2
chr22	SH3BP1	37639676	True	False	5	3
chr22	SHANK3	50674641	False	False	2	1
chr22	SLC25A17	40819399	True	False	2	1
chr22	SLC2A11	23856702	False	False	3	2
chr22	SLC5A1	32043031	False	False	2	1
chr22	SLC7A4	21032558	True	False	4	3
chr22	SMC1B	45413619	False	False	2	1
chr22	SMTN	31081295	True	False	3	2
chr22	SNAP29	20859003	True	False	5	4
chr22	SNU13	41688909	True	False	4	2
chr22	SOX10	37984532	True	False	2	1
chr22	SREBF2	41833078	True	False	4	2
chr22	SRRD	26483883	True	False	6	4
chr22	SSTR3	37212376	False	False	5	4
chr22	SULT4A1	43862498	False	False	2	1
chr22	SUN2	38756019	True	False	2	1
chr22	SUSD2	24181475	True	False	3	1
chr22	SYNGR1	39349948	True	False	3	2
chr22	TAB1	39399753	True	False	3	2
chr22	TANGO2	20021068	True	False	3	1
chr22	TBC1D10A	30326966	True	False	4	3
chr22	TBC1D22A	46762616	True	False	3	2
chr22	TBC1D22A-AS1	46916042	True	False	3	2
chr22	TBX1	19756702	True	False	3	2
chr22	TCF20	42283927	False	False	4	2
chr22	TCN2	30607082	True	False	3	2
chr22	TEF	41381928	True	False	2	1
chr22	TEX33	37007836	False	False	2	1
chr22	TFIP11	26512506	True	False	3	2
chr22	THOC5	29553747	True	False	2	1
chr22	TMEM184B	38273034	True	False	4	3
chr22	TMEM191A	20701113	False	False	3	2
chr22	TMEM191C	21467169	False	False	2	1
chr22	TNFRSF13C	41926817	False	False	3	1
chr22	TNRC6B	40177924	True	False	4	2
chr22	TOB2	41447023	True	False	4	3
chr22	TOP3B	21982843	True	False	4	3
chr22	TPST2	26590125	True	False	6	5
chr22	TRABD	50185911	True	False	2	1
chr22	TRIOBP	37746233	True	False	5	3
chr22	TRMT2A	20117295	True	False	2	1
chr22	TRMU	46335400	True	False	3	2
chr22	TSPO	43151513	True	False	4	3
chr22	TSSK2	19130807	True	False	5	4
chr22	TST	37019453	True	False	4	2
chr22	TTC28-AS1	27919375	True	False	4	2
chr22	TTLL1	43089428	True	False	2	1
chr22	TTLL12	43187131	True	False	4	2
chr22	TUBA8	18110686	False	False	2	1
chr22	TUBGCP6	50244971	True	False	2	1
chr22	TUG1	30969210	True	False	4	1
chr22	TXN2	36481640	True	False	3	2
chr22	TXNRD2	19941992	True	False	3	2
chr22	TYMP	50530085	True	False	4	3
chr22	UBE2L3	21567546	True	False	4	3
chr22	UPB1	24495282	False	False	3	2
chr22	UQCR10	29767368	True	False	2	1
chr22	USP18	18149990	True	False	4	3
chr22	VPREB1	22244779	True	False	4	3
chr22	WBP2NL	41998724	False	False	2	1
chr22	XBP1	28800572	True	False	3	2
chr22	XKR3	16821699	False	False	6	5
chr22	YDJC	21630051	True	False	3	1
chr22	YPEL1	21735834	True	False	3	2
chr22	YWHAH	31944492	True	False	4	3
chr22	ZC3H7B	41301502	True	False	6	5
chr22	ZDHHC8	20131840	True	False	4	1
chr22	ZMAT5	29766980	True	False	3	1
chr22	ZNF280A	22520281	True	False	4	1
chr22	ZNF280B	22509187	True	False	4	3
chr22	ZNRF3-AS1	29031476	True	False	4	1
